Archive member included to satisfy reference by file (symbol)

c:/program files (x86)/atmel/studio/7.0/toolchain/avr8/avr8-gnu-toolchain/bin/../lib/gcc/avr/5.4.0/avr5\libgcc.a(_exit.o)
                              C:/Program Files (x86)/Atmel/Studio/7.0/Packs/atmel/ATmega_DFP/1.7.374/gcc/dev/atmega32/avr5/crtatmega32.o (exit)
c:/program files (x86)/atmel/studio/7.0/toolchain/avr8/avr8-gnu-toolchain/bin/../lib/gcc/avr/5.4.0/avr5\libgcc.a(_copy_data.o)
                              Libs/USART/usart.o (__do_copy_data)
c:/program files (x86)/atmel/studio/7.0/toolchain/avr8/avr8-gnu-toolchain/bin/../lib/gcc/avr/5.4.0/avr5\libgcc.a(_clear_bss.o)
                              main.o (__do_clear_bss)

Discarded input sections

 .data          0x00000000        0x0 C:/Program Files (x86)/Atmel/Studio/7.0/Packs/atmel/ATmega_DFP/1.7.374/gcc/dev/atmega32/avr5/crtatmega32.o
 .bss           0x00000000        0x0 C:/Program Files (x86)/Atmel/Studio/7.0/Packs/atmel/ATmega_DFP/1.7.374/gcc/dev/atmega32/avr5/crtatmega32.o
 .text          0x00000000        0x0 Includes/atmega32.o
 .data          0x00000000        0x0 Includes/atmega32.o
 .bss           0x00000000        0x0 Includes/atmega32.o
 .text          0x00000000        0x0 Libs/USART/usart.o
 .data          0x00000000        0x0 Libs/USART/usart.o
 .bss           0x00000000        0x0 Libs/USART/usart.o
 .text.USART_receive
                0x00000000        0x8 Libs/USART/usart.o
 .text.UART_receive_string
                0x00000000       0x4a Libs/USART/usart.o
 .text          0x00000000        0x0 main.o
 .data          0x00000000        0x0 main.o
 .bss           0x00000000        0x0 main.o
 .text          0x00000000        0x0 Patterns/pattern1.o
 .data          0x00000000        0x0 Patterns/pattern1.o
 .bss           0x00000000        0x0 Patterns/pattern1.o
 .text          0x00000000        0x0 Patterns/pattern2.o
 .data          0x00000000        0x0 Patterns/pattern2.o
 .bss           0x00000000        0x0 Patterns/pattern2.o
 .text          0x00000000        0x0 Patterns/pattern3.o
 .data          0x00000000        0x0 Patterns/pattern3.o
 .bss           0x00000000        0x0 Patterns/pattern3.o
 .text          0x00000000        0x0 Patterns/pattern4.o
 .data          0x00000000        0x0 Patterns/pattern4.o
 .bss           0x00000000        0x0 Patterns/pattern4.o
 .text          0x00000000        0x0 Patterns/pattern5.o
 .data          0x00000000        0x0 Patterns/pattern5.o
 .bss           0x00000000        0x0 Patterns/pattern5.o
 .text          0x00000000        0x0 Patterns/pattern6.o
 .data          0x00000000        0x0 Patterns/pattern6.o
 .bss           0x00000000        0x0 Patterns/pattern6.o
 .text          0x00000000        0x0 c:/program files (x86)/atmel/studio/7.0/toolchain/avr8/avr8-gnu-toolchain/bin/../lib/gcc/avr/5.4.0/avr5\libgcc.a(_exit.o)
 .data          0x00000000        0x0 c:/program files (x86)/atmel/studio/7.0/toolchain/avr8/avr8-gnu-toolchain/bin/../lib/gcc/avr/5.4.0/avr5\libgcc.a(_exit.o)
 .bss           0x00000000        0x0 c:/program files (x86)/atmel/studio/7.0/toolchain/avr8/avr8-gnu-toolchain/bin/../lib/gcc/avr/5.4.0/avr5\libgcc.a(_exit.o)
 .text.libgcc.mul
                0x00000000        0x0 c:/program files (x86)/atmel/studio/7.0/toolchain/avr8/avr8-gnu-toolchain/bin/../lib/gcc/avr/5.4.0/avr5\libgcc.a(_exit.o)
 .text.libgcc.div
                0x00000000        0x0 c:/program files (x86)/atmel/studio/7.0/toolchain/avr8/avr8-gnu-toolchain/bin/../lib/gcc/avr/5.4.0/avr5\libgcc.a(_exit.o)
 .text.libgcc   0x00000000        0x0 c:/program files (x86)/atmel/studio/7.0/toolchain/avr8/avr8-gnu-toolchain/bin/../lib/gcc/avr/5.4.0/avr5\libgcc.a(_exit.o)
 .text.libgcc.prologue
                0x00000000        0x0 c:/program files (x86)/atmel/studio/7.0/toolchain/avr8/avr8-gnu-toolchain/bin/../lib/gcc/avr/5.4.0/avr5\libgcc.a(_exit.o)
 .text.libgcc.builtins
                0x00000000        0x0 c:/program files (x86)/atmel/studio/7.0/toolchain/avr8/avr8-gnu-toolchain/bin/../lib/gcc/avr/5.4.0/avr5\libgcc.a(_exit.o)
 .text.libgcc.fmul
                0x00000000        0x0 c:/program files (x86)/atmel/studio/7.0/toolchain/avr8/avr8-gnu-toolchain/bin/../lib/gcc/avr/5.4.0/avr5\libgcc.a(_exit.o)
 .text.libgcc.fixed
                0x00000000        0x0 c:/program files (x86)/atmel/studio/7.0/toolchain/avr8/avr8-gnu-toolchain/bin/../lib/gcc/avr/5.4.0/avr5\libgcc.a(_exit.o)
 .text          0x00000000        0x0 c:/program files (x86)/atmel/studio/7.0/toolchain/avr8/avr8-gnu-toolchain/bin/../lib/gcc/avr/5.4.0/avr5\libgcc.a(_copy_data.o)
 .data          0x00000000        0x0 c:/program files (x86)/atmel/studio/7.0/toolchain/avr8/avr8-gnu-toolchain/bin/../lib/gcc/avr/5.4.0/avr5\libgcc.a(_copy_data.o)
 .bss           0x00000000        0x0 c:/program files (x86)/atmel/studio/7.0/toolchain/avr8/avr8-gnu-toolchain/bin/../lib/gcc/avr/5.4.0/avr5\libgcc.a(_copy_data.o)
 .text.libgcc.mul
                0x00000000        0x0 c:/program files (x86)/atmel/studio/7.0/toolchain/avr8/avr8-gnu-toolchain/bin/../lib/gcc/avr/5.4.0/avr5\libgcc.a(_copy_data.o)
 .text.libgcc.div
                0x00000000        0x0 c:/program files (x86)/atmel/studio/7.0/toolchain/avr8/avr8-gnu-toolchain/bin/../lib/gcc/avr/5.4.0/avr5\libgcc.a(_copy_data.o)
 .text.libgcc   0x00000000        0x0 c:/program files (x86)/atmel/studio/7.0/toolchain/avr8/avr8-gnu-toolchain/bin/../lib/gcc/avr/5.4.0/avr5\libgcc.a(_copy_data.o)
 .text.libgcc.prologue
                0x00000000        0x0 c:/program files (x86)/atmel/studio/7.0/toolchain/avr8/avr8-gnu-toolchain/bin/../lib/gcc/avr/5.4.0/avr5\libgcc.a(_copy_data.o)
 .text.libgcc.builtins
                0x00000000        0x0 c:/program files (x86)/atmel/studio/7.0/toolchain/avr8/avr8-gnu-toolchain/bin/../lib/gcc/avr/5.4.0/avr5\libgcc.a(_copy_data.o)
 .text.libgcc.fmul
                0x00000000        0x0 c:/program files (x86)/atmel/studio/7.0/toolchain/avr8/avr8-gnu-toolchain/bin/../lib/gcc/avr/5.4.0/avr5\libgcc.a(_copy_data.o)
 .text.libgcc.fixed
                0x00000000        0x0 c:/program files (x86)/atmel/studio/7.0/toolchain/avr8/avr8-gnu-toolchain/bin/../lib/gcc/avr/5.4.0/avr5\libgcc.a(_copy_data.o)
 .text          0x00000000        0x0 c:/program files (x86)/atmel/studio/7.0/toolchain/avr8/avr8-gnu-toolchain/bin/../lib/gcc/avr/5.4.0/avr5\libgcc.a(_clear_bss.o)
 .data          0x00000000        0x0 c:/program files (x86)/atmel/studio/7.0/toolchain/avr8/avr8-gnu-toolchain/bin/../lib/gcc/avr/5.4.0/avr5\libgcc.a(_clear_bss.o)
 .bss           0x00000000        0x0 c:/program files (x86)/atmel/studio/7.0/toolchain/avr8/avr8-gnu-toolchain/bin/../lib/gcc/avr/5.4.0/avr5\libgcc.a(_clear_bss.o)
 .text.libgcc.mul
                0x00000000        0x0 c:/program files (x86)/atmel/studio/7.0/toolchain/avr8/avr8-gnu-toolchain/bin/../lib/gcc/avr/5.4.0/avr5\libgcc.a(_clear_bss.o)
 .text.libgcc.div
                0x00000000        0x0 c:/program files (x86)/atmel/studio/7.0/toolchain/avr8/avr8-gnu-toolchain/bin/../lib/gcc/avr/5.4.0/avr5\libgcc.a(_clear_bss.o)
 .text.libgcc   0x00000000        0x0 c:/program files (x86)/atmel/studio/7.0/toolchain/avr8/avr8-gnu-toolchain/bin/../lib/gcc/avr/5.4.0/avr5\libgcc.a(_clear_bss.o)
 .text.libgcc.prologue
                0x00000000        0x0 c:/program files (x86)/atmel/studio/7.0/toolchain/avr8/avr8-gnu-toolchain/bin/../lib/gcc/avr/5.4.0/avr5\libgcc.a(_clear_bss.o)
 .text.libgcc.builtins
                0x00000000        0x0 c:/program files (x86)/atmel/studio/7.0/toolchain/avr8/avr8-gnu-toolchain/bin/../lib/gcc/avr/5.4.0/avr5\libgcc.a(_clear_bss.o)
 .text.libgcc.fmul
                0x00000000        0x0 c:/program files (x86)/atmel/studio/7.0/toolchain/avr8/avr8-gnu-toolchain/bin/../lib/gcc/avr/5.4.0/avr5\libgcc.a(_clear_bss.o)
 .text.libgcc.fixed
                0x00000000        0x0 c:/program files (x86)/atmel/studio/7.0/toolchain/avr8/avr8-gnu-toolchain/bin/../lib/gcc/avr/5.4.0/avr5\libgcc.a(_clear_bss.o)

Memory Configuration

Name             Origin             Length             Attributes
text             0x00000000         0x00008000         xr
data             0x00800060         0x00000800         rw !x
eeprom           0x00810000         0x00000400         rw !x
fuse             0x00820000         0x00000002         rw !x
lock             0x00830000         0x00000400         rw !x
signature        0x00840000         0x00000400         rw !x
user_signatures  0x00850000         0x00000400         rw !x
*default*        0x00000000         0xffffffff

Linker script and memory map

LOAD C:/Program Files (x86)/Atmel/Studio/7.0/Packs/atmel/ATmega_DFP/1.7.374/gcc/dev/atmega32/avr5/crtatmega32.o
LOAD Includes/atmega32.o
LOAD Libs/USART/usart.o
LOAD main.o
LOAD Patterns/pattern1.o
LOAD Patterns/pattern2.o
LOAD Patterns/pattern3.o
LOAD Patterns/pattern4.o
LOAD Patterns/pattern5.o
LOAD Patterns/pattern6.o
START GROUP
LOAD c:/program files (x86)/atmel/studio/7.0/toolchain/avr8/avr8-gnu-toolchain/bin/../lib/gcc/avr/5.4.0/../../../../avr/lib/avr5\libm.a
END GROUP
START GROUP
LOAD c:/program files (x86)/atmel/studio/7.0/toolchain/avr8/avr8-gnu-toolchain/bin/../lib/gcc/avr/5.4.0/avr5\libgcc.a
LOAD c:/program files (x86)/atmel/studio/7.0/toolchain/avr8/avr8-gnu-toolchain/bin/../lib/gcc/avr/5.4.0/../../../../avr/lib/avr5\libm.a
LOAD c:/program files (x86)/atmel/studio/7.0/toolchain/avr8/avr8-gnu-toolchain/bin/../lib/gcc/avr/5.4.0/../../../../avr/lib/avr5\libc.a
LOAD C:/Program Files (x86)/Atmel/Studio/7.0/Packs/atmel/ATmega_DFP/1.7.374/gcc/dev/atmega32/avr5\libatmega32.a
END GROUP
                0x00000000                __TEXT_REGION_ORIGIN__ = DEFINED (__TEXT_REGION_ORIGIN__)?__TEXT_REGION_ORIGIN__:0x0
                [0x00800060]                __DATA_REGION_ORIGIN__ = DEFINED (__DATA_REGION_ORIGIN__)?__DATA_REGION_ORIGIN__:0x800060
                [0x00008000]                __TEXT_REGION_LENGTH__ = DEFINED (__TEXT_REGION_LENGTH__)?__TEXT_REGION_LENGTH__:0x20000
                [0x00000800]                __DATA_REGION_LENGTH__ = DEFINED (__DATA_REGION_LENGTH__)?__DATA_REGION_LENGTH__:0xffa0
                [0x00000400]                __EEPROM_REGION_LENGTH__ = DEFINED (__EEPROM_REGION_LENGTH__)?__EEPROM_REGION_LENGTH__:0x10000
                [0x00000002]                __FUSE_REGION_LENGTH__ = DEFINED (__FUSE_REGION_LENGTH__)?__FUSE_REGION_LENGTH__:0x400
                0x00000400                __LOCK_REGION_LENGTH__ = DEFINED (__LOCK_REGION_LENGTH__)?__LOCK_REGION_LENGTH__:0x400
                0x00000400                __SIGNATURE_REGION_LENGTH__ = DEFINED (__SIGNATURE_REGION_LENGTH__)?__SIGNATURE_REGION_LENGTH__:0x400
                0x00000400                __USER_SIGNATURE_REGION_LENGTH__ = DEFINED (__USER_SIGNATURE_REGION_LENGTH__)?__USER_SIGNATURE_REGION_LENGTH__:0x400

.hash
 *(.hash)

.dynsym
 *(.dynsym)

.dynstr
 *(.dynstr)

.gnu.version
 *(.gnu.version)

.gnu.version_d
 *(.gnu.version_d)

.gnu.version_r
 *(.gnu.version_r)

.rel.init
 *(.rel.init)

.rela.init
 *(.rela.init)

.rel.text
 *(.rel.text)
 *(.rel.text.*)
 *(.rel.gnu.linkonce.t*)

.rela.text
 *(.rela.text)
 *(.rela.text.*)
 *(.rela.gnu.linkonce.t*)

.rel.fini
 *(.rel.fini)

.rela.fini
 *(.rela.fini)

.rel.rodata
 *(.rel.rodata)
 *(.rel.rodata.*)
 *(.rel.gnu.linkonce.r*)

.rela.rodata
 *(.rela.rodata)
 *(.rela.rodata.*)
 *(.rela.gnu.linkonce.r*)

.rel.data
 *(.rel.data)
 *(.rel.data.*)
 *(.rel.gnu.linkonce.d*)

.rela.data
 *(.rela.data)
 *(.rela.data.*)
 *(.rela.gnu.linkonce.d*)

.rel.ctors
 *(.rel.ctors)

.rela.ctors
 *(.rela.ctors)

.rel.dtors
 *(.rel.dtors)

.rela.dtors
 *(.rela.dtors)

.rel.got
 *(.rel.got)

.rela.got
 *(.rela.got)

.rel.bss
 *(.rel.bss)

.rela.bss
 *(.rela.bss)

.rel.plt
 *(.rel.plt)

.rela.plt
 *(.rela.plt)

.text           0x00000000      0x822
 *(.vectors)
 .vectors       0x00000000       0x54 C:/Program Files (x86)/Atmel/Studio/7.0/Packs/atmel/ATmega_DFP/1.7.374/gcc/dev/atmega32/avr5/crtatmega32.o
                0x00000000                __vector_default
                0x00000000                __vectors
 *(.vectors)
 *(.progmem.gcc*)
                0x00000054                . = ALIGN (0x2)
                0x00000054                __trampolines_start = .
 *(.trampolines)
 .trampolines   0x00000054        0x0 linker stubs
 *(.trampolines*)
                0x00000054                __trampolines_end = .
 *libprintf_flt.a:*(.progmem.data)
 *libc.a:*(.progmem.data)
 *(.progmem*)
                0x00000054                . = ALIGN (0x2)
 *(.jumptables)
 *(.jumptables*)
 *(.lowtext)
 *(.lowtext*)
                0x00000054                __ctors_start = .
 *(.ctors)
                0x00000054                __ctors_end = .
                0x00000054                __dtors_start = .
 *(.dtors)
                0x00000054                __dtors_end = .
 SORT(*)(.ctors)
 SORT(*)(.dtors)
 *(.init0)
 .init0         0x00000054        0x0 C:/Program Files (x86)/Atmel/Studio/7.0/Packs/atmel/ATmega_DFP/1.7.374/gcc/dev/atmega32/avr5/crtatmega32.o
                0x00000054                __init
 *(.init0)
 *(.init1)
 *(.init1)
 *(.init2)
 .init2         0x00000054        0xc C:/Program Files (x86)/Atmel/Studio/7.0/Packs/atmel/ATmega_DFP/1.7.374/gcc/dev/atmega32/avr5/crtatmega32.o
 *(.init2)
 *(.init3)
 *(.init3)
 *(.init4)
 .init4         0x00000060       0x16 c:/program files (x86)/atmel/studio/7.0/toolchain/avr8/avr8-gnu-toolchain/bin/../lib/gcc/avr/5.4.0/avr5\libgcc.a(_copy_data.o)
                0x00000060                __do_copy_data
 .init4         0x00000076       0x10 c:/program files (x86)/atmel/studio/7.0/toolchain/avr8/avr8-gnu-toolchain/bin/../lib/gcc/avr/5.4.0/avr5\libgcc.a(_clear_bss.o)
                0x00000076                __do_clear_bss
 *(.init4)
 *(.init5)
 *(.init5)
 *(.init6)
 *(.init6)
 *(.init7)
 *(.init7)
 *(.init8)
 *(.init8)
 *(.init9)
 .init9         0x00000086        0x8 C:/Program Files (x86)/Atmel/Studio/7.0/Packs/atmel/ATmega_DFP/1.7.374/gcc/dev/atmega32/avr5/crtatmega32.o
 *(.init9)
 *(.text)
 .text          0x0000008e        0x4 C:/Program Files (x86)/Atmel/Studio/7.0/Packs/atmel/ATmega_DFP/1.7.374/gcc/dev/atmega32/avr5/crtatmega32.o
                0x0000008e                __vector_1
                0x0000008e                __vector_12
                0x0000008e                __bad_interrupt
                0x0000008e                __vector_6
                0x0000008e                __vector_3
                0x0000008e                __vector_11
                0x0000008e                __vector_17
                0x0000008e                __vector_19
                0x0000008e                __vector_7
                0x0000008e                __vector_5
                0x0000008e                __vector_4
                0x0000008e                __vector_9
                0x0000008e                __vector_2
                0x0000008e                __vector_15
                0x0000008e                __vector_8
                0x0000008e                __vector_14
                0x0000008e                __vector_10
                0x0000008e                __vector_16
                0x0000008e                __vector_18
                0x0000008e                __vector_20
                0x00000092                . = ALIGN (0x2)
 *(.text.*)
 .text.reset_pins
                0x00000092        0xc Includes/atmega32.o
                0x00000092                reset_pins
 .text.initLEDs
                0x0000009e       0x12 Includes/atmega32.o
                0x0000009e                initLEDs
 .text.USART_init
                0x000000b0       0x10 Libs/USART/usart.o
                0x000000b0                USART_init
 .text.USART_EnableRXInterrupt
                0x000000c0        0x8 Libs/USART/usart.o
                0x000000c0                USART_EnableRXInterrupt
 .text.USART_transmit
                0x000000c8        0x8 Libs/USART/usart.o
                0x000000c8                USART_transmit
 .text.USART_transmit_string
                0x000000d0       0x38 Libs/USART/usart.o
                0x000000d0                USART_transmit_string
 .text.__vector_13
                0x00000108       0x4e Libs/USART/usart.o
                0x00000108                __vector_13
 .text.main     0x00000156       0x6e main.o
                0x00000156                main
 .text.displayLayer
                0x000001c4       0x7a Patterns/pattern1.o
                0x000001c4                displayLayer
 .text.pattern1
                0x0000023e       0x2e Patterns/pattern1.o
                0x0000023e                pattern1
 .text.pattern1_blink
                0x0000026c       0x88 Patterns/pattern1.o
                0x0000026c                pattern1_blink
 .text.pattern2
                0x000002f4       0x82 Patterns/pattern2.o
                0x000002f4                pattern2
 .text.pattern2_blink
                0x00000376       0x88 Patterns/pattern2.o
                0x00000376                pattern2_blink
 .text.pattern3
                0x000003fe       0x80 Patterns/pattern3.o
                0x000003fe                pattern3
 .text.pattern3_blink
                0x0000047e       0x86 Patterns/pattern3.o
                0x0000047e                pattern3_blink
 .text.pattern4
                0x00000504       0x80 Patterns/pattern4.o
                0x00000504                pattern4
 .text.pattern4_blink
                0x00000584       0x86 Patterns/pattern4.o
                0x00000584                pattern4_blink
 .text.pattern5
                0x0000060a       0x82 Patterns/pattern5.o
                0x0000060a                pattern5
 .text.pattern5_blink
                0x0000068c       0x88 Patterns/pattern5.o
                0x0000068c                pattern5_blink
 .text.pattern6
                0x00000714       0x82 Patterns/pattern6.o
                0x00000714                pattern6
 .text.pattern6_blink
                0x00000796       0x88 Patterns/pattern6.o
                0x00000796                pattern6_blink
                0x0000081e                . = ALIGN (0x2)
 *(.fini9)
 .fini9         0x0000081e        0x0 c:/program files (x86)/atmel/studio/7.0/toolchain/avr8/avr8-gnu-toolchain/bin/../lib/gcc/avr/5.4.0/avr5\libgcc.a(_exit.o)
                0x0000081e                _exit
                0x0000081e                exit
 *(.fini9)
 *(.fini8)
 *(.fini8)
 *(.fini7)
 *(.fini7)
 *(.fini6)
 *(.fini6)
 *(.fini5)
 *(.fini5)
 *(.fini4)
 *(.fini4)
 *(.fini3)
 *(.fini3)
 *(.fini2)
 *(.fini2)
 *(.fini1)
 *(.fini1)
 *(.fini0)
 .fini0         0x0000081e        0x4 c:/program files (x86)/atmel/studio/7.0/toolchain/avr8/avr8-gnu-toolchain/bin/../lib/gcc/avr/5.4.0/avr5\libgcc.a(_exit.o)
 *(.fini0)
                0x00000822                _etext = .

.data           0x00800060       0x74 load address 0x00000822
                0x00800060                PROVIDE (__data_start, .)
 *(.data)
 *(.data*)
 .data.interrupt_data
                0x00800060        0x1 Libs/USART/usart.o
                0x00800060                interrupt_data
 .data.patterns1_blink
                0x00800061        0x9 Patterns/pattern1.o
                0x00800061                patterns1_blink
 .data.patterns1
                0x0080006a        0x9 Patterns/pattern1.o
                0x0080006a                patterns1
 .data.patterns2_blink
                0x00800073        0x9 Patterns/pattern2.o
                0x00800073                patterns2_blink
 .data.patterns2
                0x0080007c        0x9 Patterns/pattern2.o
                0x0080007c                patterns2
 .data.patterns3_blink
                0x00800085        0x9 Patterns/pattern3.o
                0x00800085                patterns3_blink
 .data.patterns3
                0x0080008e        0x9 Patterns/pattern3.o
                0x0080008e                patterns3
 .data.patterns4_blink
                0x00800097        0x9 Patterns/pattern4.o
                0x00800097                patterns4_blink
 .data.patterns4
                0x008000a0        0x9 Patterns/pattern4.o
                0x008000a0                patterns4
 .data.patterns5_blink
                0x008000a9        0x9 Patterns/pattern5.o
                0x008000a9                patterns5_blink
 .data.patterns5
                0x008000b2        0x9 Patterns/pattern5.o
                0x008000b2                patterns5
 .data.patterns6_blink
                0x008000bb        0x9 Patterns/pattern6.o
                0x008000bb                patterns6_blink
 .data.patterns6
                0x008000c4        0x9 Patterns/pattern6.o
                0x008000c4                patterns6
 *(.gnu.linkonce.d*)
 *(.rodata)
 *(.rodata*)
 .rodata.str1.1
                0x008000cd        0x6 main.o
 *(.gnu.linkonce.r*)
                0x008000d4                . = ALIGN (0x2)
 *fill*         0x008000d3        0x1 
                0x008000d4                _edata = .
                0x008000d4                PROVIDE (__data_end, .)

.bss            0x008000d4        0x0
                0x008000d4                PROVIDE (__bss_start, .)
 *(.bss)
 *(.bss*)
 *(COMMON)
                0x008000d4                PROVIDE (__bss_end, .)
                0x00000822                __data_load_start = LOADADDR (.data)
                0x00000896                __data_load_end = (__data_load_start + SIZEOF (.data))

.noinit         0x008000d4        0x0
                [!provide]                PROVIDE (__noinit_start, .)
 *(.noinit*)
                [!provide]                PROVIDE (__noinit_end, .)
                0x008000d4                _end = .
                [!provide]                PROVIDE (__heap_start, .)

.eeprom         0x00810000        0x0
 *(.eeprom*)
                0x00810000                __eeprom_end = .

.fuse
 *(.fuse)
 *(.lfuse)
 *(.hfuse)
 *(.efuse)

.lock
 *(.lock*)

.signature
 *(.signature*)

.user_signatures
 *(.user_signatures*)

.stab
 *(.stab)

.stabstr
 *(.stabstr)

.stab.excl
 *(.stab.excl)

.stab.exclstr
 *(.stab.exclstr)

.stab.index
 *(.stab.index)

.stab.indexstr
 *(.stab.indexstr)

.comment        0x00000000       0x30
 *(.comment)
 .comment       0x00000000       0x30 Includes/atmega32.o
                                 0x31 (size before relaxing)
 .comment       0x00000030       0x31 Libs/USART/usart.o
 .comment       0x00000030       0x31 main.o
 .comment       0x00000030       0x31 Patterns/pattern1.o
 .comment       0x00000030       0x31 Patterns/pattern2.o
 .comment       0x00000030       0x31 Patterns/pattern3.o
 .comment       0x00000030       0x31 Patterns/pattern4.o
 .comment       0x00000030       0x31 Patterns/pattern5.o
 .comment       0x00000030       0x31 Patterns/pattern6.o

.note.gnu.avr.deviceinfo
                0x00000000       0x3c
 .note.gnu.avr.deviceinfo
                0x00000000       0x3c C:/Program Files (x86)/Atmel/Studio/7.0/Packs/atmel/ATmega_DFP/1.7.374/gcc/dev/atmega32/avr5/crtatmega32.o

.note.gnu.build-id
 *(.note.gnu.build-id)

.debug
 *(.debug)

.line
 *(.line)

.debug_srcinfo
 *(.debug_srcinfo)

.debug_sfnames
 *(.debug_sfnames)

.debug_aranges  0x00000000      0x190
 *(.debug_aranges)
 .debug_aranges
                0x00000000       0x28 Includes/atmega32.o
 .debug_aranges
                0x00000028       0x50 Libs/USART/usart.o
 .debug_aranges
                0x00000078       0x20 main.o
 .debug_aranges
                0x00000098       0x30 Patterns/pattern1.o
 .debug_aranges
                0x000000c8       0x28 Patterns/pattern2.o
 .debug_aranges
                0x000000f0       0x28 Patterns/pattern3.o
 .debug_aranges
                0x00000118       0x28 Patterns/pattern4.o
 .debug_aranges
                0x00000140       0x28 Patterns/pattern5.o
 .debug_aranges
                0x00000168       0x28 Patterns/pattern6.o

.debug_pubnames
 *(.debug_pubnames)

.debug_info     0x00000000     0x1c34
 *(.debug_info .gnu.linkonce.wi.*)
 .debug_info    0x00000000      0x4e6 C:/Program Files (x86)/Atmel/Studio/7.0/Packs/atmel/ATmega_DFP/1.7.374/gcc/dev/atmega32/avr5/crtatmega32.o
 .debug_info    0x000004e6       0xa3 Includes/atmega32.o
 .debug_info    0x00000589      0x26a Libs/USART/usart.o
 .debug_info    0x000007f3      0x207 main.o
 .debug_info    0x000009fa      0x33a Patterns/pattern1.o
 .debug_info    0x00000d34      0x300 Patterns/pattern2.o
 .debug_info    0x00001034      0x300 Patterns/pattern3.o
 .debug_info    0x00001334      0x300 Patterns/pattern4.o
 .debug_info    0x00001634      0x300 Patterns/pattern5.o
 .debug_info    0x00001934      0x300 Patterns/pattern6.o

.debug_abbrev   0x00000000      0xe63
 *(.debug_abbrev)
 .debug_abbrev  0x00000000      0x4a3 C:/Program Files (x86)/Atmel/Studio/7.0/Packs/atmel/ATmega_DFP/1.7.374/gcc/dev/atmega32/avr5/crtatmega32.o
 .debug_abbrev  0x000004a3       0x74 Includes/atmega32.o
 .debug_abbrev  0x00000517      0x193 Libs/USART/usart.o
 .debug_abbrev  0x000006aa       0x92 main.o
 .debug_abbrev  0x0000073c      0x173 Patterns/pattern1.o
 .debug_abbrev  0x000008af      0x124 Patterns/pattern2.o
 .debug_abbrev  0x000009d3      0x124 Patterns/pattern3.o
 .debug_abbrev  0x00000af7      0x124 Patterns/pattern4.o
 .debug_abbrev  0x00000c1b      0x124 Patterns/pattern5.o
 .debug_abbrev  0x00000d3f      0x124 Patterns/pattern6.o

.debug_line     0x00000000     0x1387
 *(.debug_line .debug_line.* .debug_line_end)
 .debug_line    0x00000000      0x116 C:/Program Files (x86)/Atmel/Studio/7.0/Packs/atmel/ATmega_DFP/1.7.374/gcc/dev/atmega32/avr5/crtatmega32.o
 .debug_line    0x00000116       0xde Includes/atmega32.o
 .debug_line    0x000001f4      0x231 Libs/USART/usart.o
 .debug_line    0x00000425      0x118 main.o
 .debug_line    0x0000053d      0x288 Patterns/pattern1.o
 .debug_line    0x000007c5      0x25a Patterns/pattern2.o
 .debug_line    0x00000a1f      0x25a Patterns/pattern3.o
 .debug_line    0x00000c79      0x25a Patterns/pattern4.o
 .debug_line    0x00000ed3      0x25a Patterns/pattern5.o
 .debug_line    0x0000112d      0x25a Patterns/pattern6.o

.debug_frame    0x00000000      0x2a4
 *(.debug_frame)
 .debug_frame   0x00000000       0x34 Includes/atmega32.o
 .debug_frame   0x00000034       0xf8 Libs/USART/usart.o
 .debug_frame   0x0000012c       0x24 main.o
 .debug_frame   0x00000150       0x50 Patterns/pattern1.o
 .debug_frame   0x000001a0       0x34 Patterns/pattern2.o
 .debug_frame   0x000001d4       0x34 Patterns/pattern3.o
 .debug_frame   0x00000208       0x34 Patterns/pattern4.o
 .debug_frame   0x0000023c       0x34 Patterns/pattern5.o
 .debug_frame   0x00000270       0x34 Patterns/pattern6.o

.debug_str      0x00000000      0x5bf
 *(.debug_str)
 .debug_str     0x00000000      0x196 C:/Program Files (x86)/Atmel/Studio/7.0/Packs/atmel/ATmega_DFP/1.7.374/gcc/dev/atmega32/avr5/crtatmega32.o
 .debug_str     0x00000196      0x139 Includes/atmega32.o
                                0x16d (size before relaxing)
 .debug_str     0x000002cf      0x10d Libs/USART/usart.o
                                0x259 (size before relaxing)
 .debug_str     0x000003dc       0xa1 main.o
                                0x22c (size before relaxing)
 .debug_str     0x0000047d       0x4d Patterns/pattern1.o
                                0x1fd (size before relaxing)
 .debug_str     0x000004ca       0x31 Patterns/pattern2.o
                                0x1ea (size before relaxing)
 .debug_str     0x000004fb       0x31 Patterns/pattern3.o
                                0x1ea (size before relaxing)
 .debug_str     0x0000052c       0x31 Patterns/pattern4.o
                                0x1ea (size before relaxing)
 .debug_str     0x0000055d       0x31 Patterns/pattern5.o
                                0x1ea (size before relaxing)
 .debug_str     0x0000058e       0x31 Patterns/pattern6.o
                                0x1ea (size before relaxing)

.debug_loc      0x00000000     0x1024
 *(.debug_loc)
 .debug_loc     0x00000000      0x28d Libs/USART/usart.o
 .debug_loc     0x0000028d      0x26b Patterns/pattern1.o
 .debug_loc     0x000004f8      0x23c Patterns/pattern2.o
 .debug_loc     0x00000734      0x23c Patterns/pattern3.o
 .debug_loc     0x00000970      0x23c Patterns/pattern4.o
 .debug_loc     0x00000bac      0x23c Patterns/pattern5.o
 .debug_loc     0x00000de8      0x23c Patterns/pattern6.o

.debug_macinfo
 *(.debug_macinfo)

.debug_weaknames
 *(.debug_weaknames)

.debug_funcnames
 *(.debug_funcnames)

.debug_typenames
 *(.debug_typenames)

.debug_varnames
 *(.debug_varnames)

.debug_pubtypes
 *(.debug_pubtypes)

.debug_ranges   0x00000000      0x100
 *(.debug_ranges)
 .debug_ranges  0x00000000       0x18 Includes/atmega32.o
 .debug_ranges  0x00000018       0x40 Libs/USART/usart.o
 .debug_ranges  0x00000058       0x10 main.o
 .debug_ranges  0x00000068       0x20 Patterns/pattern1.o
 .debug_ranges  0x00000088       0x18 Patterns/pattern2.o
 .debug_ranges  0x000000a0       0x18 Patterns/pattern3.o
 .debug_ranges  0x000000b8       0x18 Patterns/pattern4.o
 .debug_ranges  0x000000d0       0x18 Patterns/pattern5.o
 .debug_ranges  0x000000e8       0x18 Patterns/pattern6.o

.debug_macro
 *(.debug_macro)
OUTPUT(LED-cube-atmel.elf elf32-avr)
LOAD linker stubs
